// Jest Snapshot v1, https://goo.gl/fbAQLP

exports[`ChatMessage component tests 1`] = `
<div
  className="msgs"
>
  <div
    className="image"
  >
    <img
      alt="生徒が質問をした時に送った画像"
      src="undefined/storage/image1.jpg"
      style={
        {
          "width": "100%",
        }
      }
    />
  </div>
  <div>
    <div
      className="msg received"
    >
      <p>
        Question Text
      </p>
    </div>
  </div>
  <div>
    <div
      className="msg sent"
    >
      <p>
        Tutor Answer 1
      </p>
    </div>
  </div>
  <div>
    <div
      className="msg sent"
    >
      <p>
        Tutor Answer 2
      </p>
    </div>
  </div>
  <div>
    <div
      className="msg received"
    >
      <p>
        Student Comment
      </p>
    </div>
  </div>
</div>
`;
